?   	chachacrypt	[no test files]
