?   	chachacrypt	[no test files]
?   	chachacrypt/internal/fix	[no test files]
